// Jest Snapshot v1, https://goo.gl/fbAQLP

exports[`snapshot test of profile page snapshot test for my profile page 1`] = `
<div
  className="profile-page"
>
  <section
    className="profile-rocket-section"
  >
    <h2
      className="profile-rocket-header"
    >
      My Rockets
    </h2>
    <h2
      className="no-reserved-rockets"
    >
      You have no reserved rockets!
    </h2>
  </section>
</div>
`;
